---
source: src/core/error.rs
expression: error.to_string()
---
Server could not be started
