---
source: src/core/error.rs
expression: error.to_string()
---
Invalid Configuration
Caused by:
  â€¢ Base URL needs to be specified: Set `baseURL` in @http or @server directives [at Query.users.@http.baseURL]
