---
source: src/core/error.rs
expression: error.to_string()
---
Configuration Error
Caused by:
  â€¢ Base URL needs to be specified [at User.posts.@http.baseURL]
