---
source: tests/core/spec.rs
expression: response
---
{
  "status": 200,
  "headers": {
    "content-type": "application/json"
  },
  "body": {
    "data": null,
    "errors": [
      {
        "message": "GRPC Error: {code: 3, message: \"error message\", details: []}\nCaused by:\n  â€¢ code: 3, message: grpc message",
        "locations": [
          {
            "line": 1,
            "column": 9
          }
        ],
        "extensions": {
          "grpcCode": 3,
          "grpcDescription": "Client specified an invalid argument",
          "grpcStatusDetails": {
            "code": 3,
            "message": "error message",
            "details": []
          },
          "grpcStatusMessage": "grpc message"
        }
      }
    ]
  }
}
